# Logfile created on 2012-07-23 13:06:36 +0100 by logger.rb/25413
MONGODB [DEBUG] Logging level is currently :debug which could negatively impact client-side performance. You should set your logging level no lower than :info in production.
MONGODB (0ms) admin['$cmd'].find({:ismaster=>1}).limit(-1)
MONGODB (1ms) licensing_development['system.indexes'].insert([{:name=>"latlng_2d", :ns=>"licensing_development.applications", :key=>{"latlng"=>"2d"}}])
MONGODB (0ms) licensing_development['system.indexes'].insert([{:name=>"refval_1", :ns=>"licensing_development.applications", :key=>{"refval"=>1}, :unique=>true}])
MONGODB (16ms) licensing_development['$cmd'].find({"count"=>"applications", "query"=>{:refval=>/12/i, :address=>//i, :latlng=>{"$near"=>[52.68082329196124, -1.827576521904436]}, :$maxDistance=>nil}, "fields"=>nil}).limit(-1)
MONGODB (5ms) licensing_development['applications'].find({:refval=>/12/i, :address=>//i, :latlng=>{"$near"=>[52.68082329196124, -1.827576521904436]}, :$maxDistance=>nil}).limit(10).sort([["recieveddate", -1]])
MONGODB (3ms) licensing_development['$cmd'].find({"count"=>"applications", "query"=>{:refval=>//i, :address=>//i, :latlng=>{"$near"=>[52.68082329196124, -1.827576521904436]}, :$maxDistance=>nil}, "fields"=>nil}).limit(-1)
MONGODB (3ms) licensing_development['applications'].find({:refval=>//i, :address=>//i, :latlng=>{"$near"=>[52.68082329196124, -1.827576521904436]}, :$maxDistance=>nil}).limit(10).sort([["recieveddate", -1]])
MONGODB (0ms) licensing_development['system.indexes'].insert([{:name=>"refval_1", :ns=>"licensing_development.applications", :key=>{"refval"=>1}, :unique=>true}])
MONGODB (3ms) licensing_development['$cmd'].find({"count"=>"applications", "query"=>{:refval=>//i, :address=>//i, :latlng=>{"$near"=>[52.68082329196124, -1.827576521904436]}, :$maxDistance=>nil}, "fields"=>nil}).limit(-1)
MONGODB (2ms) licensing_development['applications'].find({:refval=>//i, :address=>//i, :latlng=>{"$near"=>[52.68082329196124, -1.827576521904436]}, :$maxDistance=>nil}).limit(10).sort([["recieveddate", -1]])
MONGODB (24ms) licensing_development['$cmd'].find({"count"=>"applications", "query"=>{:refval=>//i, :address=>//i}, "fields"=>nil}).limit(-1)
MONGODB (61ms) licensing_development['applications'].find({:refval=>//i, :address=>//i}).limit(10).sort([["recieveddate", -1]])
MONGODB (0ms) licensing_development['system.indexes'].insert([{:name=>"refval_1", :ns=>"licensing_development.applications", :key=>{"refval"=>1}, :unique=>true}])
MONGODB (18ms) licensing_development['$cmd'].find({"count"=>"applications", "query"=>{:refval=>//i, :address=>//i}, "fields"=>nil}).limit(-1)
MONGODB (35ms) licensing_development['applications'].find({:refval=>//i, :address=>//i}).limit(10).sort([["recieveddate", -1]])
MONGODB (3ms) licensing_development['$cmd'].find({"count"=>"applications", "query"=>{:refval=>//i, :address=>//i, :latlng=>{"$near"=>[52.68082329196124, -1.827576521904436]}, :$maxDistance=>nil}, "fields"=>nil}).limit(-1)
MONGODB (5ms) licensing_development['applications'].find({:refval=>//i, :address=>//i, :latlng=>{"$near"=>[52.68082329196124, -1.827576521904436]}, :$maxDistance=>nil}).limit(10).sort([["recieveddate", -1]])
MONGODB (4ms) licensing_development['$cmd'].find({"count"=>"applications", "query"=>{:refval=>//i, :address=>//i, :latlng=>{"$near"=>[52.68082329196124, -1.827576521904436]}, :$maxDistance=>nil}, "fields"=>nil}).limit(-1)
MONGODB (2ms) licensing_development['applications'].find({:refval=>//i, :address=>//i, :latlng=>{"$near"=>[52.68082329196124, -1.827576521904436]}, :$maxDistance=>nil}).skip(10).limit(10).sort([["recieveddate", -1]])
MONGODB (3ms) licensing_development['$cmd'].find({"count"=>"applications", "query"=>{:refval=>//i, :address=>//i, :latlng=>{"$near"=>[52.68082329196124, -1.827576521904436]}, :$maxDistance=>nil}, "fields"=>nil}).limit(-1)
MONGODB (3ms) licensing_development['applications'].find({:refval=>//i, :address=>//i, :latlng=>{"$near"=>[52.68082329196124, -1.827576521904436]}, :$maxDistance=>nil}).skip(20).limit(10).sort([["recieveddate", -1]])
MONGODB (3ms) licensing_development['$cmd'].find({"count"=>"applications", "query"=>{:refval=>//i, :address=>//i, :latlng=>{"$near"=>[52.68082329196124, -1.827576521904436]}, :$maxDistance=>nil}, "fields"=>nil}).limit(-1)
MONGODB (3ms) licensing_development['applications'].find({:refval=>//i, :address=>//i, :latlng=>{"$near"=>[52.68082329196124, -1.827576521904436]}, :$maxDistance=>nil}).skip(30).limit(10).sort([["recieveddate", -1]])
MONGODB (3ms) licensing_development['$cmd'].find({"count"=>"applications", "query"=>{:refval=>//i, :address=>//i, :latlng=>{"$near"=>[52.68082329196124, -1.827576521904436]}, :$maxDistance=>nil}, "fields"=>nil}).limit(-1)
MONGODB (3ms) licensing_development['applications'].find({:refval=>//i, :address=>//i, :latlng=>{"$near"=>[52.68082329196124, -1.827576521904436]}, :$maxDistance=>nil}).skip(40).limit(10).sort([["recieveddate", -1]])
MONGODB (3ms) licensing_development['$cmd'].find({"count"=>"applications", "query"=>{:refval=>//i, :address=>//i, :latlng=>{"$near"=>[52.68082329196124, -1.827576521904436]}, :$maxDistance=>nil}, "fields"=>nil}).limit(-1)
MONGODB (3ms) licensing_development['applications'].find({:refval=>//i, :address=>//i, :latlng=>{"$near"=>[52.68082329196124, -1.827576521904436]}, :$maxDistance=>nil}).skip(50).limit(10).sort([["recieveddate", -1]])
MONGODB (3ms) licensing_development['$cmd'].find({"count"=>"applications", "query"=>{:refval=>//i, :address=>//i, :latlng=>{"$near"=>[52.68082329196124, -1.827576521904436]}, :$maxDistance=>nil}, "fields"=>nil}).limit(-1)
MONGODB (4ms) licensing_development['applications'].find({:refval=>//i, :address=>//i, :latlng=>{"$near"=>[52.68082329196124, -1.827576521904436]}, :$maxDistance=>nil}).skip(60).limit(10).sort([["recieveddate", -1]])
MONGODB (3ms) licensing_development['$cmd'].find({"count"=>"applications", "query"=>{:refval=>//i, :address=>//i, :latlng=>{"$near"=>[52.68082329196124, -1.827576521904436]}, :$maxDistance=>nil}, "fields"=>nil}).limit(-1)
MONGODB (4ms) licensing_development['applications'].find({:refval=>//i, :address=>//i, :latlng=>{"$near"=>[52.68082329196124, -1.827576521904436]}, :$maxDistance=>nil}).skip(70).limit(10).sort([["recieveddate", -1]])
MONGODB (3ms) licensing_development['$cmd'].find({"count"=>"applications", "query"=>{:refval=>//i, :address=>//i, :latlng=>{"$near"=>[52.68082329196124, -1.827576521904436]}, :$maxDistance=>nil}, "fields"=>nil}).limit(-1)
MONGODB (4ms) licensing_development['applications'].find({:refval=>//i, :address=>//i, :latlng=>{"$near"=>[52.68082329196124, -1.827576521904436]}, :$maxDistance=>nil}).skip(80).limit(10).sort([["recieveddate", -1]])
MONGODB (3ms) licensing_development['$cmd'].find({"count"=>"applications", "query"=>{:refval=>//i, :address=>//i, :latlng=>{"$near"=>[52.68082329196124, -1.827576521904436]}, :$maxDistance=>nil}, "fields"=>nil}).limit(-1)
MONGODB (4ms) licensing_development['applications'].find({:refval=>//i, :address=>//i, :latlng=>{"$near"=>[52.68082329196124, -1.827576521904436]}, :$maxDistance=>nil}).skip(90).limit(10).sort([["recieveddate", -1]])
MONGODB (3ms) licensing_development['$cmd'].find({"count"=>"applications", "query"=>{:refval=>//i, :address=>//i, :latlng=>{"$near"=>[52.68082329196124, -1.827576521904436]}, :$maxDistance=>nil}, "fields"=>nil}).limit(-1)
MONGODB (2ms) licensing_development['applications'].find({:refval=>//i, :address=>//i, :latlng=>{"$near"=>[52.68082329196124, -1.827576521904436]}, :$maxDistance=>nil}).limit(10).sort([["recieveddate", -1]])
MONGODB (3ms) licensing_development['$cmd'].find({"count"=>"applications", "query"=>{:refval=>//i, :address=>//i, :latlng=>{"$near"=>[52.68082329196124, -1.827576521904436]}, :$maxDistance=>nil}, "fields"=>nil}).limit(-1)
MONGODB (2ms) licensing_development['applications'].find({:refval=>//i, :address=>//i, :latlng=>{"$near"=>[52.68082329196124, -1.827576521904436]}, :$maxDistance=>nil}).limit(10).sort([["recieveddate", -1]])
MONGODB (0ms) licensing_development['system.indexes'].insert([{:name=>"refval_1", :ns=>"licensing_development.applications", :key=>{"refval"=>1}, :unique=>true}])
MONGODB (11ms) licensing_development['$cmd'].find({"count"=>"applications", "query"=>{:refval=>//i, :address=>//i, :latlng=>{"$near"=>[52.68082329196124, -1.827576521904436]}, :$maxDistance=>"1"}, "fields"=>nil}).limit(-1)
MONGODB (10ms) licensing_development['applications'].find({:refval=>//i, :address=>//i, :latlng=>{"$near"=>[52.68082329196124, -1.827576521904436]}, :$maxDistance=>"1"}).limit(10).sort([["recieveddate", -1]])
MONGODB (0ms) licensing_development['system.indexes'].insert([{:name=>"refval_1", :ns=>"licensing_development.applications", :key=>{"refval"=>1}, :unique=>true}])
MONGODB (3ms) licensing_development['system.indexes'].insert([{:name=>"refval_1", :ns=>"licensing_development.applications", :key=>{"refval"=>1}, :unique=>true}])
MONGODB (12ms) licensing_development['$cmd'].find({"count"=>"applications", "query"=>{:refval=>//i, :address=>//i, :latlng=>{"$near"=>[52.68082329196124, -1.827576521904436]}, :$maxDistance=>1}, "fields"=>nil}).limit(-1)
MONGODB (11ms) licensing_development['applications'].find({:refval=>//i, :address=>//i, :latlng=>{"$near"=>[52.68082329196124, -1.827576521904436]}, :$maxDistance=>1}).limit(10).sort([["recieveddate", -1]])
MONGODB (11ms) licensing_development['$cmd'].find({"count"=>"applications", "query"=>{:refval=>//i, :address=>//i, :latlng=>{"$near"=>[52.68082329196124, -1.827576521904436]}, :$maxDistance=>100}, "fields"=>nil}).limit(-1)
MONGODB (11ms) licensing_development['applications'].find({:refval=>//i, :address=>//i, :latlng=>{"$near"=>[52.68082329196124, -1.827576521904436]}, :$maxDistance=>100}).limit(10).sort([["recieveddate", -1]])
MONGODB (10ms) licensing_development['$cmd'].find({"count"=>"applications", "query"=>{:refval=>//i, :address=>//i, :latlng=>{"$near"=>[52.68082329196124, -1.827576521904436]}, :$maxDistance=>1000}, "fields"=>nil}).limit(-1)
MONGODB (11ms) licensing_development['applications'].find({:refval=>//i, :address=>//i, :latlng=>{"$near"=>[52.68082329196124, -1.827576521904436]}, :$maxDistance=>1000}).limit(10).sort([["recieveddate", -1]])
MONGODB (0ms) licensing_development['system.indexes'].insert([{:name=>"refval_1", :ns=>"licensing_development.applications", :key=>{"refval"=>1}, :unique=>true}])
MONGODB (3ms) licensing_development['$cmd'].find({"count"=>"applications", "query"=>{:refval=>//i, :address=>//i, :latlng=>{"$near"=>[52.68082329196124, -1.827576521904436], "$maxDistance"=>1000}}, "fields"=>nil}).limit(-1)
MONGODB (2ms) licensing_development['applications'].find({:refval=>//i, :address=>//i, :latlng=>{"$near"=>[52.68082329196124, -1.827576521904436], "$maxDistance"=>1000}}).limit(10).sort([["recieveddate", -1]])
MONGODB (3ms) licensing_development['$cmd'].find({"count"=>"applications", "query"=>{:refval=>//i, :address=>//i, :latlng=>{"$near"=>[52.68082329196124, -1.827576521904436], "$maxDistance"=>1}}, "fields"=>nil}).limit(-1)
MONGODB (2ms) licensing_development['applications'].find({:refval=>//i, :address=>//i, :latlng=>{"$near"=>[52.68082329196124, -1.827576521904436], "$maxDistance"=>1}}).limit(10).sort([["recieveddate", -1]])
MONGODB (2ms) licensing_development['$cmd'].find({"count"=>"applications", "query"=>{:refval=>//i, :address=>//i, :latlng=>{"$near"=>[52.68082329196124, -1.827576521904436], "$maxDistance"=>1}}, "fields"=>nil}).limit(-1)
MONGODB (2ms) licensing_development['applications'].find({:refval=>//i, :address=>//i, :latlng=>{"$near"=>[52.68082329196124, -1.827576521904436], "$maxDistance"=>1}}).skip(10).limit(10).sort([["recieveddate", -1]])
MONGODB (3ms) licensing_development['$cmd'].find({"count"=>"applications", "query"=>{:refval=>//i, :address=>//i, :latlng=>{"$near"=>[52.68082329196124, -1.827576521904436], "$maxDistance"=>10}}, "fields"=>nil}).limit(-1)
MONGODB (2ms) licensing_development['applications'].find({:refval=>//i, :address=>//i, :latlng=>{"$near"=>[52.68082329196124, -1.827576521904436], "$maxDistance"=>10}}).skip(10).limit(10).sort([["recieveddate", -1]])
MONGODB (0ms) licensing_development['system.indexes'].insert([{:name=>"latlng_2d", :ns=>"licensing_development.applications", :key=>{"latlng"=>"2d"}}])
MONGODB (0ms) licensing_development['system.indexes'].insert([{:name=>"refval_1", :ns=>"licensing_development.applications", :key=>{"refval"=>1}, :unique=>true}])
MONGODB (0ms) licensing_development['applications'].find({:latlng=>{"$nearSphere"=>[-1.827576521904436, 52.68082329196124], "$maxDistance"=>0}})
MONGODB [DEBUG] Logging level is currently :debug which could negatively impact client-side performance. You should set your logging level no lower than :info in production.
MONGODB (0ms) admin['$cmd'].find({:ismaster=>1}).limit(-1)
MONGODB (1ms) licensing_development['system.indexes'].insert([{:name=>"latlng_2d", :ns=>"licensing_development.applications", :key=>{"latlng"=>"2d"}}])
MONGODB (0ms) licensing_development['system.indexes'].insert([{:name=>"refval_1", :ns=>"licensing_development.applications", :key=>{"refval"=>1}, :unique=>true}])
MONGODB (0ms) licensing_development['applications'].find({:latlng=>{"$nearSphere"=>[-1.827576521904436, 52.68082329196124], "$maxDistance"=>0}})
MONGODB (0ms) licensing_development['system.indexes'].insert([{:name=>"refval_1", :ns=>"licensing_development.applications", :key=>{"refval"=>1}, :unique=>true}])
MONGODB (0ms) licensing_development['system.indexes'].insert([{:name=>"refval_1", :ns=>"licensing_development.applications", :key=>{"refval"=>1}, :unique=>true}])
MONGODB (0ms) licensing_development['system.indexes'].insert([{:name=>"refval_1", :ns=>"licensing_development.applications", :key=>{"refval"=>1}, :unique=>true}])
MONGODB (0ms) licensing_development['system.indexes'].insert([{:name=>"refval_1", :ns=>"licensing_development.applications", :key=>{"refval"=>1}, :unique=>true}])
MONGODB (0ms) licensing_development['system.indexes'].insert([{:name=>"refval_1", :ns=>"licensing_development.applications", :key=>{"refval"=>1}, :unique=>true}])
MONGODB (0ms) licensing_development['system.indexes'].insert([{:name=>"refval_1", :ns=>"licensing_development.applications", :key=>{"refval"=>1}, :unique=>true}])
MONGODB (1ms) licensing_development['$cmd'].find({"count"=>"applications", "query"=>{:refval=>//i, :address=>//i, :latlng=>{"$nearSphere"=>[52.68082329196124, -1.827576521904436], "$maxDistance"=>0}}, "fields"=>nil}).limit(-1)
MONGODB (0ms) licensing_development['applications'].find({:refval=>//i, :address=>//i, :latlng=>{"$nearSphere"=>[52.68082329196124, -1.827576521904436], "$maxDistance"=>0}}).skip(10).limit(10).sort([["recieveddate", -1]])
MONGODB (2ms) licensing_development['system.indexes'].insert([{:name=>"refval_1", :ns=>"licensing_development.applications", :key=>{"refval"=>1}, :unique=>true}])
MONGODB (3ms) licensing_development['$cmd'].find({"count"=>"applications", "query"=>{:refval=>//i, :address=>//i, :latlng=>{"$nearSphere"=>[52.68082329196124, -1.827576521904436], "$maxDistance"=>10}}, "fields"=>nil}).limit(-1)
MONGODB (2ms) licensing_development['applications'].find({:refval=>//i, :address=>//i, :latlng=>{"$nearSphere"=>[52.68082329196124, -1.827576521904436], "$maxDistance"=>10}}).skip(10).limit(10).sort([["recieveddate", -1]])
MONGODB (0ms) licensing_development['system.indexes'].insert([{:name=>"refval_1", :ns=>"licensing_development.applications", :key=>{"refval"=>1}, :unique=>true}])
MONGODB (3ms) licensing_development['$cmd'].find({"count"=>"applications", "query"=>{:refval=>//i, :address=>//i, :latlng=>{"$near"=>[52.68082329196124, -1.827576521904436], "$maxDistance"=>10}}, "fields"=>nil}).limit(-1)
MONGODB (2ms) licensing_development['applications'].find({:refval=>//i, :address=>//i, :latlng=>{"$near"=>[52.68082329196124, -1.827576521904436], "$maxDistance"=>10}}).skip(10).limit(10).sort([["recieveddate", -1]])
MONGODB (3ms) licensing_development['$cmd'].find({"count"=>"applications", "query"=>{:refval=>//i, :address=>//i, :latlng=>{"$near"=>[52.68082329196124, -1.827576521904436], "$maxDistance"=>10}}, "fields"=>nil}).limit(-1)
MONGODB (2ms) licensing_development['applications'].find({:refval=>//i, :address=>//i, :latlng=>{"$near"=>[52.68082329196124, -1.827576521904436], "$maxDistance"=>10}}).limit(10).sort([["recieveddate", -1]])
MONGODB (0ms) licensing_development['applications'].find({:refval=>"07/00616/GASSLO"}).limit(-1)
MONGODB (3ms) licensing_development['$cmd'].find({"count"=>"applications", "query"=>{:refval=>//i, :address=>//i, :latlng=>{"$near"=>[52.68082329196124, -1.827576521904436], "$maxDistance"=>10}}, "fields"=>nil}).limit(-1)
MONGODB (4ms) licensing_development['applications'].find({:refval=>//i, :address=>//i, :latlng=>{"$near"=>[52.68082329196124, -1.827576521904436], "$maxDistance"=>10}}).skip(90).limit(10).sort([["recieveddate", -1]])
MONGODB (10ms) licensing_development['$cmd'].find({"count"=>"applications", "query"=>{:refval=>//i, :address=>//i, :recieveddate=>{:$gte=>2012-06-01 00:00:00 UTC, :$lte=>2012-07-01 00:00:00 UTC}, :latlng=>{"$near"=>[52.68082329196124, -1.827576521904436], "$maxDistance"=>1}}, "fields"=>nil}).limit(-1)
MONGODB (10ms) licensing_development['applications'].find({:refval=>//i, :address=>//i, :recieveddate=>{:$gte=>2012-06-01 00:00:00 UTC, :$lte=>2012-07-01 00:00:00 UTC}, :latlng=>{"$near"=>[52.68082329196124, -1.827576521904436], "$maxDistance"=>1}}).limit(10).sort([["recieveddate", -1]])
MONGODB (11ms) licensing_development['$cmd'].find({"count"=>"applications", "query"=>{:refval=>//i, :address=>//i, :recieveddate=>{:$gte=>2012-06-01 00:00:00 UTC, :$lte=>2012-07-01 00:00:00 UTC}, :latlng=>{"$near"=>[52.68082329196124, -1.827576521904436], "$maxDistance"=>1}}, "fields"=>nil}).limit(-1)
MONGODB (10ms) licensing_development['applications'].find({:refval=>//i, :address=>//i, :recieveddate=>{:$gte=>2012-06-01 00:00:00 UTC, :$lte=>2012-07-01 00:00:00 UTC}, :latlng=>{"$near"=>[52.68082329196124, -1.827576521904436], "$maxDistance"=>1}}).limit(10).sort([["recieveddate", -1]])
MONGODB (10ms) licensing_development['$cmd'].find({"count"=>"applications", "query"=>{:refval=>//i, :address=>//i, :recieveddate=>{:$gte=>2012-06-01 00:00:00 UTC, :$lte=>2012-07-01 00:00:00 UTC}, :type=>"Club Premises New Application", :latlng=>{"$near"=>[52.68082329196124, -1.827576521904436], "$maxDistance"=>1}}, "fields"=>nil}).limit(-1)
MONGODB (10ms) licensing_development['applications'].find({:refval=>//i, :address=>//i, :recieveddate=>{:$gte=>2012-06-01 00:00:00 UTC, :$lte=>2012-07-01 00:00:00 UTC}, :type=>"Club Premises New Application", :latlng=>{"$near"=>[52.68082329196124, -1.827576521904436], "$maxDistance"=>1}}).limit(10).sort([["recieveddate", -1]])
MONGODB (10ms) licensing_development['$cmd'].find({"count"=>"applications", "query"=>{:refval=>//i, :address=>//i, :recieveddate=>{:$gte=>2012-06-01 00:00:00 UTC, :$lte=>2012-07-01 00:00:00 UTC}, :type=>"Club Premises New Application", :latlng=>{"$near"=>[52.6775228589137, -1.814825342230979], "$maxDistance"=>1}}, "fields"=>nil}).limit(-1)
MONGODB (10ms) licensing_development['applications'].find({:refval=>//i, :address=>//i, :recieveddate=>{:$gte=>2012-06-01 00:00:00 UTC, :$lte=>2012-07-01 00:00:00 UTC}, :type=>"Club Premises New Application", :latlng=>{"$near"=>[52.6775228589137, -1.814825342230979], "$maxDistance"=>1}}).limit(10).sort([["recieveddate", -1]])
MONGODB (10ms) licensing_development['$cmd'].find({"count"=>"applications", "query"=>{:refval=>//i, :address=>//i, :recieveddate=>{:$gte=>2012-06-01 00:00:00 UTC, :$lte=>2012-07-01 00:00:00 UTC}, :type=>"Club Premises New Application", :latlng=>{"$near"=>[52.6775228589137, -1.814825342230979], "$maxDistance"=>2}}, "fields"=>nil}).limit(-1)
MONGODB (10ms) licensing_development['applications'].find({:refval=>//i, :address=>//i, :recieveddate=>{:$gte=>2012-06-01 00:00:00 UTC, :$lte=>2012-07-01 00:00:00 UTC}, :type=>"Club Premises New Application", :latlng=>{"$near"=>[52.6775228589137, -1.814825342230979], "$maxDistance"=>2}}).limit(10).sort([["recieveddate", -1]])
MONGODB (12ms) licensing_development['$cmd'].find({"count"=>"applications", "query"=>{:refval=>//i, :address=>//i, :recieveddate=>{:$gte=>2012-06-01 00:00:00 UTC, :$lte=>2012-07-01 00:00:00 UTC}, :type=>"Club Premises New Application", :latlng=>{"$near"=>[52.6775228589137, -1.814825342230979], "$maxDistance"=>5}}, "fields"=>nil}).limit(-1)
MONGODB (12ms) licensing_development['applications'].find({:refval=>//i, :address=>//i, :recieveddate=>{:$gte=>2012-06-01 00:00:00 UTC, :$lte=>2012-07-01 00:00:00 UTC}, :type=>"Club Premises New Application", :latlng=>{"$near"=>[52.6775228589137, -1.814825342230979], "$maxDistance"=>5}}).limit(10).sort([["recieveddate", -1]])
MONGODB (10ms) licensing_development['$cmd'].find({"count"=>"applications", "query"=>{:refval=>//i, :address=>//i, :recieveddate=>{:$gte=>2012-06-01 00:00:00 UTC, :$lte=>2012-07-01 00:00:00 UTC}, :type=>"Late Night Refreshment Licence", :latlng=>{"$near"=>[52.6775228589137, -1.814825342230979], "$maxDistance"=>1}}, "fields"=>nil}).limit(-1)
MONGODB (10ms) licensing_development['applications'].find({:refval=>//i, :address=>//i, :recieveddate=>{:$gte=>2012-06-01 00:00:00 UTC, :$lte=>2012-07-01 00:00:00 UTC}, :type=>"Late Night Refreshment Licence", :latlng=>{"$near"=>[52.6775228589137, -1.814825342230979], "$maxDistance"=>1}}).limit(10).sort([["recieveddate", -1]])
MONGODB (10ms) licensing_development['$cmd'].find({"count"=>"applications", "query"=>{:refval=>//i, :address=>//i, :recieveddate=>{:$gte=>2012-06-01 00:00:00 UTC, :$lte=>2012-07-01 00:00:00 UTC}, :type=>"Premises New Application", :latlng=>{"$near"=>[52.6775228589137, -1.814825342230979], "$maxDistance"=>1}}, "fields"=>nil}).limit(-1)
MONGODB (10ms) licensing_development['applications'].find({:refval=>//i, :address=>//i, :recieveddate=>{:$gte=>2012-06-01 00:00:00 UTC, :$lte=>2012-07-01 00:00:00 UTC}, :type=>"Premises New Application", :latlng=>{"$near"=>[52.6775228589137, -1.814825342230979], "$maxDistance"=>1}}).limit(10).sort([["recieveddate", -1]])
MONGODB (0ms) licensing_development['applications'].find({:refval=>"12/00080/LAPREN"}).limit(-1)
MONGODB (0ms) licensing_development['system.indexes'].insert([{:name=>"refval_1", :ns=>"licensing_development.applications", :key=>{"refval"=>1}, :unique=>true}])
MONGODB (2ms) licensing_development['$cmd'].find({"count"=>"applications", "query"=>{:latlng=>{"$near"=>[52.6775228589137, -1.814825342230979], "$maxDistance"=>1}}, "fields"=>nil}).limit(-1)
MONGODB (2ms) licensing_development['applications'].find({:latlng=>{"$near"=>[52.6775228589137, -1.814825342230979], "$maxDistance"=>1}}).limit(10).sort([["recieveddate", -1]])
MONGODB (3ms) licensing_development['$cmd'].find({"count"=>"applications", "query"=>{:latlng=>{"$near"=>[52.6775228589137, -1.814825342230979], "$maxDistance"=>10}}, "fields"=>nil}).limit(-1)
MONGODB (2ms) licensing_development['applications'].find({:latlng=>{"$near"=>[52.6775228589137, -1.814825342230979], "$maxDistance"=>10}}).limit(10).sort([["recieveddate", -1]])
MONGODB (6ms) licensing_development['$cmd'].find({"count"=>"applications", "query"=>{:latlng=>{"$near"=>[52.5958655612388, -1.8655847150891125], "$maxDistance"=>1}}, "fields"=>nil}).limit(-1)
MONGODB (1ms) licensing_development['applications'].find({:latlng=>{"$near"=>[52.5958655612388, -1.8655847150891125], "$maxDistance"=>1}}).limit(10).sort([["recieveddate", -1]])
MONGODB (5ms) licensing_development['$cmd'].find({"count"=>"applications", "query"=>{:latlng=>{"$near"=>[52.5958655612388, -1.8655847150891125], "$maxDistance"=>1}}, "fields"=>nil}).limit(-1)
MONGODB (1ms) licensing_development['applications'].find({:latlng=>{"$near"=>[52.5958655612388, -1.8655847150891125], "$maxDistance"=>1}}).skip(10).limit(10).sort([["recieveddate", -1]])
MONGODB (0ms) licensing_development['system.indexes'].insert([{:name=>"refval_1", :ns=>"licensing_development.applications", :key=>{"refval"=>1}, :unique=>true}])
MONGODB (9ms) licensing_development['$cmd'].find({"count"=>"applications", "query"=>{:refval=>//i, :address=>//i, :recieveddate=>{:$gte=>2012-06-01 00:00:00 UTC, :$lte=>2012-07-01 00:00:00 UTC}, :type=>"Premises New Application", :latlng=>{"$near"=>[52.5958655612388, -1.8655847150891125], "$maxDistance"=>1}}, "fields"=>nil}).limit(-1)
MONGODB (11ms) licensing_development['applications'].find({:refval=>//i, :address=>//i, :recieveddate=>{:$gte=>2012-06-01 00:00:00 UTC, :$lte=>2012-07-01 00:00:00 UTC}, :type=>"Premises New Application", :latlng=>{"$near"=>[52.5958655612388, -1.8655847150891125], "$maxDistance"=>1}}).skip(10).limit(10).sort([["recieveddate", -1]])
MONGODB (9ms) licensing_development['$cmd'].find({"count"=>"applications", "query"=>{:refval=>//i, :address=>//i, :recieveddate=>{:$gte=>2012-06-01 00:00:00 UTC, :$lte=>2012-07-01 00:00:00 UTC}, :type=>"Premises New Application", :latlng=>{"$near"=>[52.5958655612388, -1.8655847150891125], "$maxDistance"=>1}}, "fields"=>nil}).limit(-1)
MONGODB (10ms) licensing_development['applications'].find({:refval=>//i, :address=>//i, :recieveddate=>{:$gte=>2012-06-01 00:00:00 UTC, :$lte=>2012-07-01 00:00:00 UTC}, :type=>"Premises New Application", :latlng=>{"$near"=>[52.5958655612388, -1.8655847150891125], "$maxDistance"=>1}}).limit(10).sort([["recieveddate", -1]])
MONGODB (0ms) licensing_development['system.indexes'].insert([{:name=>"refval_1", :ns=>"licensing_development.applications", :key=>{"refval"=>1}, :unique=>true}])
MONGODB (32ms) licensing_development['$cmd'].find({"count"=>"applications", "query"=>{:refval=>//i, :address=>//i, :recieveddate=>{:$gte=>2012-06-01 00:00:00 UTC, :$lte=>2012-07-01 00:00:00 UTC}, :type=>"Premises New Application", :latlng=>{"$maxDistance"=>1, "$near"=>[52.5958655612388, -1.8655847150891125]}}, "fields"=>nil}).limit(-1)
MONGODB (30ms) licensing_development['applications'].find({:refval=>//i, :address=>//i, :recieveddate=>{:$gte=>2012-06-01 00:00:00 UTC, :$lte=>2012-07-01 00:00:00 UTC}, :type=>"Premises New Application", :latlng=>{"$maxDistance"=>1, "$near"=>[52.5958655612388, -1.8655847150891125]}}).limit(10).sort([["recieveddate", -1]])
MONGODB (0ms) licensing_development['system.indexes'].insert([{:name=>"refval_1", :ns=>"licensing_development.applications", :key=>{"refval"=>1}, :unique=>true}])
MONGODB (10ms) licensing_development['$cmd'].find({"count"=>"applications", "query"=>{:refval=>//i, :address=>//i, :recieveddate=>{:$gte=>2012-06-01 00:00:00 UTC, :$lte=>2012-07-01 00:00:00 UTC}, :type=>"Premises New Application", :latlng=>{"$near"=>[52.5958655612388, -1.8655847150891125], "$maxDistance"=>1}}, "fields"=>nil}).limit(-1)
MONGODB (10ms) licensing_development['applications'].find({:refval=>//i, :address=>//i, :recieveddate=>{:$gte=>2012-06-01 00:00:00 UTC, :$lte=>2012-07-01 00:00:00 UTC}, :type=>"Premises New Application", :latlng=>{"$near"=>[52.5958655612388, -1.8655847150891125], "$maxDistance"=>1}}).limit(10).sort([["recieveddate", -1]])
MONGODB (10ms) licensing_development['$cmd'].find({"count"=>"applications", "query"=>{:refval=>//i, :address=>//i, :recieveddate=>{:$gte=>2012-06-01 00:00:00 UTC, :$lte=>2012-07-01 00:00:00 UTC}, :type=>"Premises New Application", :latlng=>{"$near"=>[52.5958655612388, -1.8655847150891125], "$maxDistance"=>1}}, "fields"=>nil}).limit(-1)
MONGODB (10ms) licensing_development['applications'].find({:refval=>//i, :address=>//i, :recieveddate=>{:$gte=>2012-06-01 00:00:00 UTC, :$lte=>2012-07-01 00:00:00 UTC}, :type=>"Premises New Application", :latlng=>{"$near"=>[52.5958655612388, -1.8655847150891125], "$maxDistance"=>1}}).limit(10).sort([["recieveddate", -1]])
MONGODB (10ms) licensing_development['$cmd'].find({"count"=>"applications", "query"=>{:refval=>//i, :address=>//i, :recieveddate=>{:$gte=>2012-06-01 00:00:00 UTC, :$lte=>2012-07-01 00:00:00 UTC}, :type=>"Premises New Application", :latlng=>{"$near"=>[52.5958655612388, -1.8655847150891125], "$maxDistance"=>1}}, "fields"=>nil}).limit(-1)
MONGODB (10ms) licensing_development['applications'].find({:refval=>//i, :address=>//i, :recieveddate=>{:$gte=>2012-06-01 00:00:00 UTC, :$lte=>2012-07-01 00:00:00 UTC}, :type=>"Premises New Application", :latlng=>{"$near"=>[52.5958655612388, -1.8655847150891125], "$maxDistance"=>1}}).limit(10).sort([["recieveddate", -1]])
MONGODB (0ms) licensing_development['system.indexes'].insert([{:name=>"refval_1", :ns=>"licensing_development.applications", :key=>{"refval"=>1}, :unique=>true}])
MONGODB (12ms) licensing_development['$cmd'].find({"count"=>"applications", "query"=>{:refval=>//i, :address=>//i, :latlng=>{"$near"=>[52.5958655612388, -1.8655847150891125], "$maxDistance"=>1}, :recieveddate=>{:$gte=>2012-06-01 00:00:00 UTC, :$lte=>2012-07-01 00:00:00 UTC}, :type=>"Premises New Application"}, "fields"=>nil}).limit(-1)
MONGODB (14ms) licensing_development['applications'].find({:refval=>//i, :address=>//i, :latlng=>{"$near"=>[52.5958655612388, -1.8655847150891125], "$maxDistance"=>1}, :recieveddate=>{:$gte=>2012-06-01 00:00:00 UTC, :$lte=>2012-07-01 00:00:00 UTC}, :type=>"Premises New Application"}).limit(10).sort([["recieveddate", -1]])
MONGODB (0ms) licensing_development['system.indexes'].insert([{:name=>"refval_1", :ns=>"licensing_development.applications", :key=>{"refval"=>1}, :unique=>true}])
MONGODB (6ms) licensing_development['$cmd'].find({"count"=>"applications", "query"=>{:recieveddate=>{:$gte=>2012-06-01 00:00:00 UTC, :$lte=>2012-07-01 00:00:00 UTC}, :type=>"Premises New Application"}, "fields"=>nil}).limit(-1)
MONGODB (28ms) licensing_development['applications'].find({:recieveddate=>{:$gte=>2012-06-01 00:00:00 UTC, :$lte=>2012-07-01 00:00:00 UTC}, :type=>"Premises New Application"}).limit(10).sort([["recieveddate", -1]])
MONGODB (0ms) licensing_development['system.indexes'].insert([{:name=>"refval_1", :ns=>"licensing_development.applications", :key=>{"refval"=>1}, :unique=>true}])
MONGODB (5ms) licensing_development['$cmd'].find({"count"=>"applications", "query"=>{:latlng=>{"$near"=>[52.5958655612388, -1.8655847150891125], "$maxDistance"=>1}}, "fields"=>nil}).limit(-1)
MONGODB (1ms) licensing_development['applications'].find({:latlng=>{"$near"=>[52.5958655612388, -1.8655847150891125], "$maxDistance"=>1}}).limit(10).sort([["recieveddate", -1]])
MONGODB (0ms) licensing_development['system.indexes'].insert([{:name=>"refval_1", :ns=>"licensing_development.applications", :key=>{"refval"=>1}, :unique=>true}])
MONGODB (10ms) licensing_development['$cmd'].find({"count"=>"applications", "query"=>{:latlng=>{"$near"=>[52.5958655612388, -1.8655847150891125], "$maxDistance"=>1}, :recieveddate=>{:$gte=>2012-06-01 00:00:00 UTC, :$lte=>2012-07-01 00:00:00 UTC}, :type=>"Premises New Application"}, "fields"=>nil}).limit(-1)
MONGODB (10ms) licensing_development['applications'].find({:latlng=>{"$near"=>[52.5958655612388, -1.8655847150891125], "$maxDistance"=>1}, :recieveddate=>{:$gte=>2012-06-01 00:00:00 UTC, :$lte=>2012-07-01 00:00:00 UTC}, :type=>"Premises New Application"}).limit(10).sort([["recieveddate", -1]])
MONGODB (0ms) licensing_development['system.indexes'].insert([{:name=>"refval_1", :ns=>"licensing_development.applications", :key=>{"refval"=>1}, :unique=>true}])
MONGODB (10ms) licensing_development['$cmd'].find({"count"=>"applications", "query"=>{:latlng=>{"$near"=>[52.5958655612388, -1.8655847150891125], "$maxDistance"=>1}, :recieveddate=>{:$gte=>2012-06-01 00:00:00 UTC, :$lte=>2012-07-01 00:00:00 UTC}, :type=>"Premises New Application"}, "fields"=>nil}).limit(-1)
MONGODB (10ms) licensing_development['applications'].find({:latlng=>{"$near"=>[52.5958655612388, -1.8655847150891125], "$maxDistance"=>1}, :recieveddate=>{:$gte=>2012-06-01 00:00:00 UTC, :$lte=>2012-07-01 00:00:00 UTC}, :type=>"Premises New Application"}).limit(10).sort([["recieveddate", -1]])
MONGODB (0ms) licensing_development['system.indexes'].insert([{:name=>"refval_1", :ns=>"licensing_development.applications", :key=>{"refval"=>1}, :unique=>true}])
MONGODB (10ms) licensing_development['$cmd'].find({"count"=>"applications", "query"=>{:latlng=>{"$near"=>[52.5958655612388, -1.8655847150891125], "$maxDistance"=>1}, :refval=>//i, :address=>//i, :recieveddate=>{:$gte=>2012-06-01 00:00:00 UTC, :$lte=>2012-07-01 00:00:00 UTC}, :type=>"Premises New Application"}, "fields"=>nil}).limit(-1)
MONGODB (10ms) licensing_development['applications'].find({:latlng=>{"$near"=>[52.5958655612388, -1.8655847150891125], "$maxDistance"=>1}, :refval=>//i, :address=>//i, :recieveddate=>{:$gte=>2012-06-01 00:00:00 UTC, :$lte=>2012-07-01 00:00:00 UTC}, :type=>"Premises New Application"}).limit(10).sort([["recieveddate", -1]])
MONGODB (11ms) licensing_development['$cmd'].find({"count"=>"applications", "query"=>{:latlng=>{"$near"=>[52.5958655612388, -1.8655847150891125], "$maxDistance"=>1}, :refval=>//i, :address=>/mocha/i, :recieveddate=>{:$gte=>2012-06-01 00:00:00 UTC, :$lte=>2012-07-01 00:00:00 UTC}, :type=>"Premises New Application"}, "fields"=>nil}).limit(-1)
MONGODB (13ms) licensing_development['applications'].find({:latlng=>{"$near"=>[52.5958655612388, -1.8655847150891125], "$maxDistance"=>1}, :refval=>//i, :address=>/mocha/i, :recieveddate=>{:$gte=>2012-06-01 00:00:00 UTC, :$lte=>2012-07-01 00:00:00 UTC}, :type=>"Premises New Application"}).limit(10).sort([["recieveddate", -1]])
MONGODB (11ms) licensing_development['$cmd'].find({"count"=>"applications", "query"=>{:latlng=>{"$near"=>[52.5958655612388, -1.8655847150891125], "$maxDistance"=>1}, :refval=>//i, :address=>//i, :recieveddate=>{:$gte=>2012-06-01 00:00:00 UTC, :$lte=>2012-07-01 00:00:00 UTC}, :type=>"Premises New Application"}, "fields"=>nil}).limit(-1)
MONGODB (10ms) licensing_development['applications'].find({:latlng=>{"$near"=>[52.5958655612388, -1.8655847150891125], "$maxDistance"=>1}, :refval=>//i, :address=>//i, :recieveddate=>{:$gte=>2012-06-01 00:00:00 UTC, :$lte=>2012-07-01 00:00:00 UTC}, :type=>"Premises New Application"}).limit(10).sort([["recieveddate", -1]])
MONGODB (0ms) licensing_development['system.indexes'].insert([{:name=>"refval_1", :ns=>"licensing_development.applications", :key=>{"refval"=>1}, :unique=>true}])
MONGODB (6ms) licensing_development['$cmd'].find({"count"=>"applications", "query"=>{:latlng=>{"$nearSphere"=>[-1.8655847150891125, 52.5958655612388], "$maxDistance"=>1}, :refval=>//i, :address=>//i, :recieveddate=>{:$gte=>2012-06-01 00:00:00 UTC, :$lte=>2012-07-01 00:00:00 UTC}, :type=>"Premises New Application"}, "fields"=>nil}).limit(-1)
MONGODB (6ms) licensing_development['applications'].find({:latlng=>{"$nearSphere"=>[-1.8655847150891125, 52.5958655612388], "$maxDistance"=>1}, :refval=>//i, :address=>//i, :recieveddate=>{:$gte=>2012-06-01 00:00:00 UTC, :$lte=>2012-07-01 00:00:00 UTC}, :type=>"Premises New Application"}).limit(10).sort([["recieveddate", -1]])
MONGODB (11ms) licensing_development['$cmd'].find({"count"=>"applications", "query"=>{:latlng=>{"$nearSphere"=>[-1.8655847150891125, 52.5958655612388], "$maxDistance"=>5}, :refval=>//i, :address=>//i, :recieveddate=>{:$gte=>2012-06-01 00:00:00 UTC, :$lte=>2012-07-01 00:00:00 UTC}, :type=>"Premises New Application"}, "fields"=>nil}).limit(-1)
MONGODB (14ms) licensing_development['applications'].find({:latlng=>{"$nearSphere"=>[-1.8655847150891125, 52.5958655612388], "$maxDistance"=>5}, :refval=>//i, :address=>//i, :recieveddate=>{:$gte=>2012-06-01 00:00:00 UTC, :$lte=>2012-07-01 00:00:00 UTC}, :type=>"Premises New Application"}).limit(10).sort([["recieveddate", -1]])
MONGODB (11ms) licensing_development['$cmd'].find({"count"=>"applications", "query"=>{:latlng=>{"$nearSphere"=>[-1.8655847150891125, 52.5958655612388], "$maxDistance"=>2}, :refval=>//i, :address=>//i, :recieveddate=>{:$gte=>2012-06-01 00:00:00 UTC, :$lte=>2012-07-01 00:00:00 UTC}, :type=>"Premises New Application"}, "fields"=>nil}).limit(-1)
MONGODB (11ms) licensing_development['applications'].find({:latlng=>{"$nearSphere"=>[-1.8655847150891125, 52.5958655612388], "$maxDistance"=>2}, :refval=>//i, :address=>//i, :recieveddate=>{:$gte=>2012-06-01 00:00:00 UTC, :$lte=>2012-07-01 00:00:00 UTC}, :type=>"Premises New Application"}).limit(10).sort([["recieveddate", -1]])
MONGODB (14ms) licensing_development['$cmd'].find({"count"=>"applications", "query"=>{:latlng=>{"$nearSphere"=>[-1.873037047490427, 52.58665023663326], "$maxDistance"=>2}, :refval=>//i, :address=>//i, :recieveddate=>{:$gte=>2012-06-01 00:00:00 UTC, :$lte=>2012-07-01 00:00:00 UTC}, :type=>"Premises New Application"}, "fields"=>nil}).limit(-1)
MONGODB (11ms) licensing_development['applications'].find({:latlng=>{"$nearSphere"=>[-1.873037047490427, 52.58665023663326], "$maxDistance"=>2}, :refval=>//i, :address=>//i, :recieveddate=>{:$gte=>2012-06-01 00:00:00 UTC, :$lte=>2012-07-01 00:00:00 UTC}, :type=>"Premises New Application"}).limit(10).sort([["recieveddate", -1]])
MONGODB (5ms) licensing_development['$cmd'].find({"count"=>"applications", "query"=>{:latlng=>{"$nearSphere"=>[-1.873037047490427, 52.58665023663326], "$maxDistance"=>1}, :refval=>//i, :address=>//i, :recieveddate=>{:$gte=>2012-06-01 00:00:00 UTC, :$lte=>2012-07-01 00:00:00 UTC}, :type=>"Premises New Application"}, "fields"=>nil}).limit(-1)
MONGODB (5ms) licensing_development['applications'].find({:latlng=>{"$nearSphere"=>[-1.873037047490427, 52.58665023663326], "$maxDistance"=>1}, :refval=>//i, :address=>//i, :recieveddate=>{:$gte=>2012-06-01 00:00:00 UTC, :$lte=>2012-07-01 00:00:00 UTC}, :type=>"Premises New Application"}).limit(10).sort([["recieveddate", -1]])
MONGODB (0ms) licensing_development['system.indexes'].insert([{:name=>"refval_1", :ns=>"licensing_development.applications", :key=>{"refval"=>1}, :unique=>true}])
MONGODB (8ms) licensing_development['$cmd'].find({"count"=>"applications", "query"=>{:latlng=>{"$nearSphere"=>[-1.873037047490427, 52.58665023663326], "$maxDistance"=>1}, :refval=>//i, :address=>//i, :recieveddate=>{:$gte=>2012-06-01 00:00:00 UTC, :$lte=>2012-07-01 00:00:00 UTC}, :type=>"Premises New Application"}, "fields"=>nil}).limit(-1)
MONGODB (6ms) licensing_development['applications'].find({:latlng=>{"$nearSphere"=>[-1.873037047490427, 52.58665023663326], "$maxDistance"=>1}, :refval=>//i, :address=>//i, :recieveddate=>{:$gte=>2012-06-01 00:00:00 UTC, :$lte=>2012-07-01 00:00:00 UTC}, :type=>"Premises New Application"}).limit(10).sort([["recieveddate", -1]])
MONGODB (12ms) licensing_development['$cmd'].find({"count"=>"applications", "query"=>{:latlng=>{"$nearSphere"=>[-1.873037047490427, 52.58665023663326], "$maxDistance"=>10}, :refval=>//i, :address=>//i, :recieveddate=>{:$gte=>2012-06-01 00:00:00 UTC, :$lte=>2012-07-01 00:00:00 UTC}, :type=>"Premises New Application"}, "fields"=>nil}).limit(-1)
MONGODB (13ms) licensing_development['applications'].find({:latlng=>{"$nearSphere"=>[-1.873037047490427, 52.58665023663326], "$maxDistance"=>10}, :refval=>//i, :address=>//i, :recieveddate=>{:$gte=>2012-06-01 00:00:00 UTC, :$lte=>2012-07-01 00:00:00 UTC}, :type=>"Premises New Application"}).limit(10).sort([["recieveddate", -1]])
MONGODB (6ms) licensing_development['$cmd'].find({"count"=>"applications", "query"=>{:latlng=>{"$nearSphere"=>[-1.873037047490427, 52.58665023663326], "$maxDistance"=>1}, :refval=>//i, :address=>//i, :type=>"Premises New Application"}, "fields"=>nil}).limit(-1)
MONGODB (5ms) licensing_development['applications'].find({:latlng=>{"$nearSphere"=>[-1.873037047490427, 52.58665023663326], "$maxDistance"=>1}, :refval=>//i, :address=>//i, :type=>"Premises New Application"}).limit(10).sort([["recieveddate", -1]])
MONGODB (12ms) licensing_development['$cmd'].find({"count"=>"applications", "query"=>{:latlng=>{"$nearSphere"=>[-1.873037047490427, 52.58665023663326], "$maxDistance"=>2}, :refval=>//i, :address=>//i, :type=>"Premises New Application"}, "fields"=>nil}).limit(-1)
MONGODB (9ms) licensing_development['applications'].find({:latlng=>{"$nearSphere"=>[-1.873037047490427, 52.58665023663326], "$maxDistance"=>2}, :refval=>//i, :address=>//i, :type=>"Premises New Application"}).limit(10).sort([["recieveddate", -1]])
MONGODB (5ms) licensing_development['$cmd'].find({"count"=>"applications", "query"=>{:latlng=>{"$nearSphere"=>[-1.873037047490427, 52.58665023663326], "$maxDistance"=>1}, :refval=>//i, :address=>//i, :type=>"Premises New Application"}, "fields"=>nil}).limit(-1)
MONGODB (5ms) licensing_development['applications'].find({:latlng=>{"$nearSphere"=>[-1.873037047490427, 52.58665023663326], "$maxDistance"=>1}, :refval=>//i, :address=>//i, :type=>"Premises New Application"}).limit(10).sort([["recieveddate", -1]])
MONGODB (11ms) licensing_development['$cmd'].find({"count"=>"applications", "query"=>{:latlng=>{"$nearSphere"=>[-1.873037047490427, 52.58665023663326], "$maxDistance"=>2}, :refval=>//i, :address=>//i, :type=>"Premises New Application"}, "fields"=>nil}).limit(-1)
MONGODB (11ms) licensing_development['applications'].find({:latlng=>{"$nearSphere"=>[-1.873037047490427, 52.58665023663326], "$maxDistance"=>2}, :refval=>//i, :address=>//i, :type=>"Premises New Application"}).skip(10).limit(10).sort([["recieveddate", -1]])
MONGODB (0ms) licensing_development['system.indexes'].insert([{:name=>"refval_1", :ns=>"licensing_development.applications", :key=>{"refval"=>1}, :unique=>true}])
MONGODB (0ms) licensing_development['$cmd'].find({"count"=>"applications", "query"=>{:latlng=>{"$nearSphere"=>[-1.873037047490427, 52.58665023663326], "$maxDistance"=>0}, :refval=>//i, :address=>//i, :type=>"Premises New Application"}, "fields"=>nil}).limit(-1)
MONGODB (0ms) licensing_development['applications'].find({:latlng=>{"$nearSphere"=>[-1.873037047490427, 52.58665023663326], "$maxDistance"=>0}, :refval=>//i, :address=>//i, :type=>"Premises New Application"}).skip(10).limit(10).sort([["recieveddate", -1]])
MONGODB (0ms) licensing_development['$cmd'].find({"count"=>"applications", "query"=>{:latlng=>{"$nearSphere"=>[-1.873037047490427, 52.58665023663326], "$maxDistance"=>0}, :refval=>//i, :address=>//i, :type=>"Premises New Application"}, "fields"=>nil}).limit(-1)
MONGODB (0ms) licensing_development['applications'].find({:latlng=>{"$nearSphere"=>[-1.873037047490427, 52.58665023663326], "$maxDistance"=>0}, :refval=>//i, :address=>//i, :type=>"Premises New Application"}).skip(10).limit(10).sort([["recieveddate", -1]])
MONGODB (0ms) licensing_development['$cmd'].find({"count"=>"applications", "query"=>{:latlng=>{"$nearSphere"=>[-1.873037047490427, 52.58665023663326], "$maxDistance"=>0}, :refval=>//i, :address=>//i, :type=>"Premises New Application"}, "fields"=>nil}).limit(-1)
MONGODB (0ms) licensing_development['applications'].find({:latlng=>{"$nearSphere"=>[-1.873037047490427, 52.58665023663326], "$maxDistance"=>0}, :refval=>//i, :address=>//i, :type=>"Premises New Application"}).skip(10).limit(10).sort([["recieveddate", -1]])
MONGODB (0ms) licensing_development['$cmd'].find({"count"=>"applications", "query"=>{:latlng=>{"$nearSphere"=>[-1.873037047490427, 52.58665023663326], "$maxDistance"=>0}, :refval=>//i, :address=>//i, :type=>"Premises New Application"}, "fields"=>nil}).limit(-1)
MONGODB (0ms) licensing_development['applications'].find({:latlng=>{"$nearSphere"=>[-1.873037047490427, 52.58665023663326], "$maxDistance"=>0}, :refval=>//i, :address=>//i, :type=>"Premises New Application"}).skip(10).limit(10).sort([["recieveddate", -1]])
MONGODB (0ms) licensing_development['$cmd'].find({"count"=>"applications", "query"=>{:latlng=>{"$nearSphere"=>[-1.873037047490427, 52.58665023663326], "$maxDistance"=>0}, :refval=>//i, :address=>//i, :type=>"Premises New Application"}, "fields"=>nil}).limit(-1)
MONGODB (0ms) licensing_development['applications'].find({:latlng=>{"$nearSphere"=>[-1.873037047490427, 52.58665023663326], "$maxDistance"=>0}, :refval=>//i, :address=>//i, :type=>"Premises New Application"}).skip(10).limit(10).sort([["recieveddate", -1]])
MONGODB (4ms) licensing_development['system.indexes'].insert([{:name=>"refval_1", :ns=>"licensing_development.applications", :key=>{"refval"=>1}, :unique=>true}])
MONGODB (0ms) licensing_development['system.indexes'].insert([{:name=>"refval_1", :ns=>"licensing_development.applications", :key=>{"refval"=>1}, :unique=>true}])
MONGODB (0ms) licensing_development['system.indexes'].insert([{:name=>"refval_1", :ns=>"licensing_development.applications", :key=>{"refval"=>1}, :unique=>true}])
MONGODB (0ms) licensing_development['$cmd'].find({"count"=>"applications", "query"=>{:latlng=>{"$nearSphere"=>[52.58665023663326, -1.873037047490427], "$maxDistance"=>1.0e-07}, :refval=>//i, :address=>//i, :type=>"Premises New Application"}, "fields"=>nil}).limit(-1)
MONGODB (0ms) licensing_development['applications'].find({:latlng=>{"$nearSphere"=>[52.58665023663326, -1.873037047490427], "$maxDistance"=>1.0e-07}, :refval=>//i, :address=>//i, :type=>"Premises New Application"}).skip(10).limit(10).sort([["recieveddate", -1]])
MONGODB (0ms) licensing_development['system.indexes'].insert([{:name=>"refval_1", :ns=>"licensing_development.applications", :key=>{"refval"=>1}, :unique=>true}])
MONGODB (0ms) licensing_development['$cmd'].find({"count"=>"applications", "query"=>{:latlng=>{"$nearSphere"=>[52.58665023663326, -1.873037047490427], "$maxDistance"=>0}, :refval=>//i, :address=>//i, :type=>"Premises New Application"}, "fields"=>nil}).limit(-1)
MONGODB (0ms) licensing_development['applications'].find({:latlng=>{"$nearSphere"=>[52.58665023663326, -1.873037047490427], "$maxDistance"=>0}, :refval=>//i, :address=>//i, :type=>"Premises New Application"}).skip(10).limit(10).sort([["recieveddate", -1]])
MONGODB (0ms) licensing_development['system.indexes'].insert([{:name=>"refval_1", :ns=>"licensing_development.applications", :key=>{"refval"=>1}, :unique=>true}])
MONGODB (0ms) licensing_development['system.indexes'].insert([{:name=>"refval_1", :ns=>"licensing_development.applications", :key=>{"refval"=>1}, :unique=>true}])
MONGODB (0ms) licensing_development['system.indexes'].insert([{:name=>"refval_1", :ns=>"licensing_development.applications", :key=>{"refval"=>1}, :unique=>true}])
MONGODB (10ms) licensing_development['$cmd'].find({"count"=>"applications", "query"=>{:latlng=>{"$nearSphere"=>[52.58665023663326, -1.873037047490427], "$maxDistance"=>100000}, :refval=>//i, :address=>//i, :type=>"Premises New Application"}, "fields"=>nil}).limit(-1)
MONGODB (6ms) licensing_development['applications'].find({:latlng=>{"$nearSphere"=>[52.58665023663326, -1.873037047490427], "$maxDistance"=>100000}, :refval=>//i, :address=>//i, :type=>"Premises New Application"}).skip(10).limit(10).sort([["recieveddate", -1]])
MONGODB (14ms) licensing_development['$cmd'].find({"count"=>"applications", "query"=>{:latlng=>{"$nearSphere"=>[52.58665023663326, -1.873037047490427], "$maxDistance"=>100000}, :refval=>//i, :address=>//i, :type=>"Premises New Application"}, "fields"=>nil}).limit(-1)
MONGODB (7ms) licensing_development['applications'].find({:latlng=>{"$nearSphere"=>[52.58665023663326, -1.873037047490427], "$maxDistance"=>100000}, :refval=>//i, :address=>//i, :type=>"Premises New Application"}).limit(10).sort([["recieveddate", -1]])
MONGODB (9ms) licensing_development['$cmd'].find({"count"=>"applications", "query"=>{:latlng=>{"$nearSphere"=>[52.58665023663326, -1.873037047490427], "$maxDistance"=>1}, :refval=>//i, :address=>//i, :type=>"Premises New Application"}, "fields"=>nil}).limit(-1)
MONGODB (6ms) licensing_development['applications'].find({:latlng=>{"$nearSphere"=>[52.58665023663326, -1.873037047490427], "$maxDistance"=>1}, :refval=>//i, :address=>//i, :type=>"Premises New Application"}).limit(10).sort([["recieveddate", -1]])
MONGODB (0ms) licensing_development['system.indexes'].insert([{:name=>"refval_1", :ns=>"licensing_development.applications", :key=>{"refval"=>1}, :unique=>true}])
MONGODB (0ms) licensing_development['system.indexes'].insert([{:name=>"refval_1", :ns=>"licensing_development.applications", :key=>{"refval"=>1}, :unique=>true}])
MONGODB (9ms) licensing_development['$cmd'].find({"count"=>"applications", "query"=>{:latlng=>{"$nearSphere"=>[52.58665023663326, -1.873037047490427], "$maxDistance"=>1}, :refval=>//i, :address=>//i, :type=>"Premises New Application"}, "fields"=>nil}).limit(-1)
MONGODB (6ms) licensing_development['applications'].find({:latlng=>{"$nearSphere"=>[52.58665023663326, -1.873037047490427], "$maxDistance"=>1}, :refval=>//i, :address=>//i, :type=>"Premises New Application"}).limit(10).sort([["recieveddate", -1]])
MONGODB (0ms) licensing_development['system.indexes'].insert([{:name=>"refval_1", :ns=>"licensing_development.applications", :key=>{"refval"=>1}, :unique=>true}])
MONGODB (0ms) licensing_development['$cmd'].find({"count"=>"applications", "query"=>{:latlng=>{"$nearSphere"=>[52.58665023663326, -1.873037047490427], "$maxDistance"=>0}, :refval=>//i, :address=>//i, :type=>"Premises New Application"}, "fields"=>nil}).limit(-1)
MONGODB (0ms) licensing_development['applications'].find({:latlng=>{"$nearSphere"=>[52.58665023663326, -1.873037047490427], "$maxDistance"=>0}, :refval=>//i, :address=>//i, :type=>"Premises New Application"}).limit(10).sort([["recieveddate", -1]])
MONGODB (1ms) licensing_development['system.indexes'].insert([{:name=>"refval_1", :ns=>"licensing_development.applications", :key=>{"refval"=>1}, :unique=>true}])
MONGODB (0ms) licensing_development['$cmd'].find({"count"=>"applications", "query"=>{:latlng=>{"$nearSphere"=>[52.58665023663326, -1.873037047490427], "$maxDistance"=>0}, :refval=>//i, :address=>//i, :type=>"Premises New Application"}, "fields"=>nil}).limit(-1)
MONGODB (0ms) licensing_development['applications'].find({:latlng=>{"$nearSphere"=>[52.58665023663326, -1.873037047490427], "$maxDistance"=>0}, :refval=>//i, :address=>//i, :type=>"Premises New Application"}).limit(10).sort([["recieveddate", -1]])
MONGODB [DEBUG] Logging level is currently :debug which could negatively impact client-side performance. You should set your logging level no lower than :info in production.
MONGODB (0ms) admin['$cmd'].find({:ismaster=>1}).limit(-1)
MONGODB (1ms) licensing_development['system.indexes'].insert([{:name=>"latlng_2d", :ns=>"licensing_development.applications", :key=>{"latlng"=>"2d"}}])
MONGODB (0ms) licensing_development['system.indexes'].insert([{:name=>"refval_1", :ns=>"licensing_development.applications", :key=>{"refval"=>1}, :unique=>true}])
MONGODB (0ms) licensing_development['system.indexes'].insert([{:name=>"refval_1", :ns=>"licensing_development.applications", :key=>{"refval"=>1}, :unique=>true}])
MONGODB (12ms) licensing_development['$cmd'].find({"count"=>"applications", "query"=>{:latlng=>{"$nearSphere"=>[52.58665023663326, -1.873037047490427], "$maxDistance"=>0.00025258903763576663}, :refval=>//i, :address=>//i, :type=>"Premises New Application"}, "fields"=>nil}).limit(-1)
MONGODB (1ms) licensing_development['applications'].find({:latlng=>{"$nearSphere"=>[52.58665023663326, -1.873037047490427], "$maxDistance"=>0.00025258903763576663}, :refval=>//i, :address=>//i, :type=>"Premises New Application"}).limit(10).sort([["recieveddate", -1]])
MONGODB (11ms) licensing_development['$cmd'].find({"count"=>"applications", "query"=>{:latlng=>{"$nearSphere"=>[52.58665023663326, -1.873037047490427], "$maxDistance"=>0.002525890376357666}, :refval=>//i, :address=>//i, :type=>"Premises New Application"}, "fields"=>nil}).limit(-1)
MONGODB (6ms) licensing_development['applications'].find({:latlng=>{"$nearSphere"=>[52.58665023663326, -1.873037047490427], "$maxDistance"=>0.002525890376357666}, :refval=>//i, :address=>//i, :type=>"Premises New Application"}).limit(10).sort([["recieveddate", -1]])
MONGODB (6ms) licensing_development['$cmd'].find({"count"=>"applications", "query"=>{:latlng=>{"$nearSphere"=>[52.58665023663326, -1.873037047490427], "$maxDistance"=>0.001262945188178833}, :refval=>//i, :address=>//i, :type=>"Premises New Application"}, "fields"=>nil}).limit(-1)
MONGODB (6ms) licensing_development['applications'].find({:latlng=>{"$nearSphere"=>[52.58665023663326, -1.873037047490427], "$maxDistance"=>0.001262945188178833}, :refval=>//i, :address=>//i, :type=>"Premises New Application"}).limit(10).sort([["recieveddate", -1]])
MONGODB (1ms) licensing_development['$cmd'].find({"count"=>"applications", "query"=>{:latlng=>{"$nearSphere"=>[52.58665023663326, -1.873037047490427], "$maxDistance"=>0.0005051780752715333}, :refval=>//i, :address=>//i, :type=>"Premises New Application"}, "fields"=>nil}).limit(-1)
MONGODB (1ms) licensing_development['applications'].find({:latlng=>{"$nearSphere"=>[52.58665023663326, -1.873037047490427], "$maxDistance"=>0.0005051780752715333}, :refval=>//i, :address=>//i, :type=>"Premises New Application"}).limit(10).sort([["recieveddate", -1]])
MONGODB (0ms) licensing_development['applications'].find({:refval=>"12/00085/LAPREN"}).limit(-1)
MONGODB (3ms) licensing_development['$cmd'].find({"count"=>"applications", "query"=>{:latlng=>{"$nearSphere"=>[52.6775228589137, -1.814825342230979], "$maxDistance"=>0.00025258903763576663}, :refval=>//i, :address=>//i, :type=>"Premises New Application"}, "fields"=>nil}).limit(-1)
MONGODB (3ms) licensing_development['applications'].find({:latlng=>{"$nearSphere"=>[52.6775228589137, -1.814825342230979], "$maxDistance"=>0.00025258903763576663}, :refval=>//i, :address=>//i, :type=>"Premises New Application"}).limit(10).sort([["recieveddate", -1]])
MONGODB (3ms) licensing_development['$cmd'].find({"count"=>"applications", "query"=>{:latlng=>{"$nearSphere"=>[52.6775228589137, -1.814825342230979], "$maxDistance"=>0.00025258903763576663}, :refval=>//i, :address=>//i}, "fields"=>nil}).limit(-1)
MONGODB (3ms) licensing_development['applications'].find({:latlng=>{"$nearSphere"=>[52.6775228589137, -1.814825342230979], "$maxDistance"=>0.00025258903763576663}, :refval=>//i, :address=>//i}).limit(10).sort([["recieveddate", -1]])
MONGODB (3ms) licensing_development['$cmd'].find({"count"=>"applications", "query"=>{:latlng=>{"$nearSphere"=>[52.6775228589137, -1.814825342230979], "$maxDistance"=>0.00025258903763576663}, :refval=>//i, :address=>//i}, "fields"=>nil}).limit(-1)
MONGODB (3ms) licensing_development['applications'].find({:latlng=>{"$nearSphere"=>[52.6775228589137, -1.814825342230979], "$maxDistance"=>0.00025258903763576663}, :refval=>//i, :address=>//i}).skip(10).limit(10).sort([["recieveddate", -1]])
MONGODB (3ms) licensing_development['$cmd'].find({"count"=>"applications", "query"=>{:latlng=>{"$nearSphere"=>[52.6775228589137, -1.814825342230979], "$maxDistance"=>0.00025258903763576663}, :refval=>//i, :address=>//i}, "fields"=>nil}).limit(-1)
MONGODB (3ms) licensing_development['applications'].find({:latlng=>{"$nearSphere"=>[52.6775228589137, -1.814825342230979], "$maxDistance"=>0.00025258903763576663}, :refval=>//i, :address=>//i}).skip(20).limit(10).sort([["recieveddate", -1]])
MONGODB (3ms) licensing_development['$cmd'].find({"count"=>"applications", "query"=>{:latlng=>{"$nearSphere"=>[52.6775228589137, -1.814825342230979], "$maxDistance"=>0.00025258903763576663}, :refval=>//i, :address=>//i}, "fields"=>nil}).limit(-1)
MONGODB (6ms) licensing_development['applications'].find({:latlng=>{"$nearSphere"=>[52.6775228589137, -1.814825342230979], "$maxDistance"=>0.00025258903763576663}, :refval=>//i, :address=>//i}).skip(30).limit(10).sort([["recieveddate", -1]])
MONGODB (4ms) licensing_development['$cmd'].find({"count"=>"applications", "query"=>{:latlng=>{"$nearSphere"=>[52.6775228589137, -1.814825342230979], "$maxDistance"=>0.00025258903763576663}, :refval=>//i, :address=>//i}, "fields"=>nil}).limit(-1)
MONGODB (3ms) licensing_development['applications'].find({:latlng=>{"$nearSphere"=>[52.6775228589137, -1.814825342230979], "$maxDistance"=>0.00025258903763576663}, :refval=>//i, :address=>//i}).skip(40).limit(10).sort([["recieveddate", -1]])
MONGODB (3ms) licensing_development['$cmd'].find({"count"=>"applications", "query"=>{:latlng=>{"$nearSphere"=>[52.6775228589137, -1.814825342230979], "$maxDistance"=>0.00025258903763576663}, :refval=>//i, :address=>//i}, "fields"=>nil}).limit(-1)
MONGODB (3ms) licensing_development['applications'].find({:latlng=>{"$nearSphere"=>[52.6775228589137, -1.814825342230979], "$maxDistance"=>0.00025258903763576663}, :refval=>//i, :address=>//i}).skip(50).limit(10).sort([["recieveddate", -1]])
MONGODB (3ms) licensing_development['$cmd'].find({"count"=>"applications", "query"=>{:latlng=>{"$nearSphere"=>[52.6775228589137, -1.814825342230979], "$maxDistance"=>0.00025258903763576663}, :refval=>//i, :address=>//i}, "fields"=>nil}).limit(-1)
MONGODB (3ms) licensing_development['applications'].find({:latlng=>{"$nearSphere"=>[52.6775228589137, -1.814825342230979], "$maxDistance"=>0.00025258903763576663}, :refval=>//i, :address=>//i}).skip(60).limit(10).sort([["recieveddate", -1]])
MONGODB (3ms) licensing_development['$cmd'].find({"count"=>"applications", "query"=>{:latlng=>{"$nearSphere"=>[52.6775228589137, -1.814825342230979], "$maxDistance"=>0.00025258903763576663}, :refval=>//i, :address=>//i}, "fields"=>nil}).limit(-1)
MONGODB (3ms) licensing_development['applications'].find({:latlng=>{"$nearSphere"=>[52.6775228589137, -1.814825342230979], "$maxDistance"=>0.00025258903763576663}, :refval=>//i, :address=>//i}).skip(70).limit(10).sort([["recieveddate", -1]])
MONGODB (3ms) licensing_development['$cmd'].find({"count"=>"applications", "query"=>{:latlng=>{"$nearSphere"=>[52.6775228589137, -1.814825342230979], "$maxDistance"=>0.00025258903763576663}, :refval=>//i, :address=>//i}, "fields"=>nil}).limit(-1)
MONGODB (3ms) licensing_development['applications'].find({:latlng=>{"$nearSphere"=>[52.6775228589137, -1.814825342230979], "$maxDistance"=>0.00025258903763576663}, :refval=>//i, :address=>//i}).skip(80).limit(10).sort([["recieveddate", -1]])
MONGODB (3ms) licensing_development['$cmd'].find({"count"=>"applications", "query"=>{:latlng=>{"$nearSphere"=>[52.6775228589137, -1.814825342230979], "$maxDistance"=>0.00025258903763576663}, :refval=>//i, :address=>//i}, "fields"=>nil}).limit(-1)
MONGODB (4ms) licensing_development['applications'].find({:latlng=>{"$nearSphere"=>[52.6775228589137, -1.814825342230979], "$maxDistance"=>0.00025258903763576663}, :refval=>//i, :address=>//i}).skip(90).limit(10).sort([["recieveddate", -1]])
MONGODB (0ms) licensing_development['system.indexes'].insert([{:name=>"refval_1", :ns=>"licensing_development.applications", :key=>{"refval"=>1}, :unique=>true}])
MONGODB (3ms) licensing_development['codes'].find({:category=>"LICNTYPE"}).sort([["category", 1]])
MONGODB (2ms) licensing_development['codes'].find({:category=>"LICNTYPE"}).sort([["description", 1]])
MONGODB (19ms) licensing_development['$cmd'].find({"count"=>"applications", "query"=>{:refval=>//i, :address=>//i, :type=>"Notification of 2 or less gaming machines in a licensed premises"}, "fields"=>nil}).limit(-1)
MONGODB (19ms) licensing_development['applications'].find({:refval=>//i, :address=>//i, :type=>"Notification of 2 or less gaming machines in a licensed premises"}).limit(10).sort([["recieveddate", -1]])
MONGODB (4ms) licensing_development['$cmd'].find({"count"=>"applications", "query"=>{:latlng=>{"$nearSphere"=>[52.6775228589137, -1.814825342230979], "$maxDistance"=>0.00025258903763576663}, :refval=>//i, :address=>//i, :type=>"Notification of 2 or less gaming machines in a licensed premises"}, "fields"=>nil}).limit(-1)
MONGODB (3ms) licensing_development['applications'].find({:latlng=>{"$nearSphere"=>[52.6775228589137, -1.814825342230979], "$maxDistance"=>0.00025258903763576663}, :refval=>//i, :address=>//i, :type=>"Notification of 2 or less gaming machines in a licensed premises"}).limit(10).sort([["recieveddate", -1]])
MONGODB (0ms) licensing_development['applications'].find({:refval=>"12/00060/GAGMP2"}).limit(-1)
MONGODB (0ms) licensing_development['applications'].find({:refval=>"11/00072/GAGMP2"}).limit(-1)
MONGODB (0ms) licensing_development['applications'].find({:refval=>"10/00010/GAGMP2"}).limit(-1)
MONGODB (3ms) licensing_development['$cmd'].find({"count"=>"applications", "query"=>{:latlng=>{"$nearSphere"=>[52.6775228589137, -1.814825342230979], "$maxDistance"=>0.00025258903763576663}, :refval=>//i, :address=>//i, :type=>"Notification of 2 or less gaming machines in a licensed premises"}, "fields"=>nil}).limit(-1)
MONGODB (4ms) licensing_development['applications'].find({:latlng=>{"$nearSphere"=>[52.6775228589137, -1.814825342230979], "$maxDistance"=>0.00025258903763576663}, :refval=>//i, :address=>//i, :type=>"Notification of 2 or less gaming machines in a licensed premises"}).skip(10).limit(10).sort([["recieveddate", -1]])
MONGODB (0ms) licensing_development['applications'].find({:refval=>"08/00047/GAGMP2"}).limit(-1)
MONGODB (3ms) licensing_development['$cmd'].find({"count"=>"applications", "query"=>{:latlng=>{"$nearSphere"=>[52.6775228589137, -1.814825342230979], "$maxDistance"=>0.00025258903763576663}, :refval=>//i, :address=>//i, :type=>"Premises Variation"}, "fields"=>nil}).limit(-1)
MONGODB (3ms) licensing_development['applications'].find({:latlng=>{"$nearSphere"=>[52.6775228589137, -1.814825342230979], "$maxDistance"=>0.00025258903763576663}, :refval=>//i, :address=>//i, :type=>"Premises Variation"}).limit(10).sort([["recieveddate", -1]])
MONGODB (0ms) licensing_development['applications'].find({:refval=>"09/00096/LAPREV"}).limit(-1)
MONGODB (0ms) licensing_development['applications'].find({:refval=>"09/00013/LAPREV"}).limit(-1)
MONGODB (0ms) licensing_development['applications'].find({:refval=>"08/00121/LAPREV"}).limit(-1)
MONGODB (0ms) licensing_development['applications'].find({:refval=>"06/00311/LAPREV"}).limit(-1)
MONGODB (0ms) licensing_development['applications'].find({:refval=>"05/00338/LAPREV"}).limit(-1)
MONGODB (0ms) licensing_development['system.indexes'].insert([{:name=>"latlng_2d", :ns=>"licensing_development.applications", :key=>{"latlng"=>"2d"}}])
MONGODB (0ms) licensing_development['system.indexes'].insert([{:name=>"refval_1", :ns=>"licensing_development.applications", :key=>{"refval"=>1}, :unique=>true}])
MONGODB (3ms) licensing_development['$cmd'].find({"count"=>"applications", "query"=>{:latlng=>{"$nearSphere"=>[52.6775228589137, -1.814825342230979], "$maxDistance"=>0.00025258903763576663}, :refval=>//i, :address=>//i, :type=>"Premises New Application"}, "fields"=>nil}).limit(-1)
MONGODB (5ms) licensing_development['applications'].find({:latlng=>{"$nearSphere"=>[52.6775228589137, -1.814825342230979], "$maxDistance"=>0.00025258903763576663}, :refval=>//i, :address=>//i, :type=>"Premises New Application"}).limit(10).sort([["recieveddate", -1]])
MONGODB (4ms) licensing_development['$cmd'].find({"count"=>"applications", "query"=>{:latlng=>{"$nearSphere"=>[52.6775228589137, -1.814825342230979], "$maxDistance"=>0.00025258903763576663}, :refval=>//i, :address=>//i, :type=>"Premises New Application"}, "fields"=>nil}).limit(-1)
MONGODB (3ms) licensing_development['applications'].find({:latlng=>{"$nearSphere"=>[52.6775228589137, -1.814825342230979], "$maxDistance"=>0.00025258903763576663}, :refval=>//i, :address=>//i, :type=>"Premises New Application"}).skip(10).limit(10).sort([["recieveddate", -1]])
MONGODB (6ms) licensing_development['$cmd'].find({"count"=>"applications", "query"=>{:latlng=>{"$nearSphere"=>[52.6775228589137, -1.814825342230979], "$maxDistance"=>0.00025258903763576663}, :refval=>//i, :address=>//i, :type=>"Premises New Application"}, "fields"=>nil}).limit(-1)
MONGODB (4ms) licensing_development['applications'].find({:latlng=>{"$nearSphere"=>[52.6775228589137, -1.814825342230979], "$maxDistance"=>0.00025258903763576663}, :refval=>//i, :address=>//i, :type=>"Premises New Application"}).limit(10).sort([["recieveddate", -1]])
MONGODB (2ms) licensing_development['$cmd'].find({"count"=>"applications", "query"=>{:latlng=>{"$nearSphere"=>[52.6775228589137, -1.814825342230979], "$maxDistance"=>0.00025258903763576663}, :refval=>//i, :address=>//i, :recieveddate=>{:$gte=>2012-01-01 00:00:00 UTC, :$lte=>2012-07-01 00:00:00 UTC}, :type=>"Premises New Application"}, "fields"=>nil}).limit(-1)
MONGODB (2ms) licensing_development['applications'].find({:latlng=>{"$nearSphere"=>[52.6775228589137, -1.814825342230979], "$maxDistance"=>0.00025258903763576663}, :refval=>//i, :address=>//i, :recieveddate=>{:$gte=>2012-01-01 00:00:00 UTC, :$lte=>2012-07-01 00:00:00 UTC}, :type=>"Premises New Application"}).limit(10).sort([["recieveddate", -1]])
MONGODB (4ms) licensing_development['$cmd'].find({"count"=>"applications", "query"=>{:latlng=>{"$nearSphere"=>[52.6775228589137, -1.814825342230979], "$maxDistance"=>0.0005051780752715333}, :refval=>//i, :address=>//i, :recieveddate=>{:$gte=>2012-01-01 00:00:00 UTC, :$lte=>2012-07-01 00:00:00 UTC}, :type=>"Premises New Application"}, "fields"=>nil}).limit(-1)
MONGODB (5ms) licensing_development['applications'].find({:latlng=>{"$nearSphere"=>[52.6775228589137, -1.814825342230979], "$maxDistance"=>0.0005051780752715333}, :refval=>//i, :address=>//i, :recieveddate=>{:$gte=>2012-01-01 00:00:00 UTC, :$lte=>2012-07-01 00:00:00 UTC}, :type=>"Premises New Application"}).limit(10).sort([["recieveddate", -1]])
MONGODB (16ms) licensing_development['$cmd'].find({"count"=>"applications", "query"=>{:refval=>//i, :address=>//i, :recieveddate=>{:$gte=>2012-07-15 00:00:00 UTC, :$lte=>2012-07-23 00:00:00 UTC}}, "fields"=>nil}).limit(-1)
MONGODB (19ms) licensing_development['applications'].find({:refval=>//i, :address=>//i, :recieveddate=>{:$gte=>2012-07-15 00:00:00 UTC, :$lte=>2012-07-23 00:00:00 UTC}}).limit(10).sort([["recieveddate", -1]])
MONGODB (2ms) licensing_development['codes'].find({:category=>"LICNTYPE"}).sort([["description", 1]])
MONGODB (2ms) licensing_development['codes'].find({:category=>"LICNTYPE"}).sort([["description", 1]])
MONGODB (3ms) licensing_development['codes'].find({:category=>"LICNTYPE"}).sort([["description", 1]])
MONGODB (2ms) licensing_development['codes'].find({:category=>"LICNTYPE"}).sort([["description", 1]])
MONGODB (2ms) licensing_development['codes'].find({:category=>"LICNTYPE"}).sort([["description", 1]])
MONGODB (4ms) licensing_development['codes'].find({:category=>"LICNTYPE"}).sort([["description", 1]])
MONGODB (2ms) licensing_development['codes'].find({:category=>"LICNTYPE"}).sort([["description", 1]])
MONGODB (58ms) licensing_development['codes'].find({:category=>"LICNTYPE"}).sort([["description", 1]])
MONGODB (2ms) licensing_development['codes'].find({:category=>"LICNTYPE"}).sort([["description", 1]])
MONGODB (5ms) licensing_development['codes'].find({:category=>"LICNTYPE"}).sort([["description", 1]])
MONGODB (3ms) licensing_development['codes'].find({:category=>"LICNTYPE"}).sort([["description", 1]])
MONGODB (3ms) licensing_development['codes'].find({:category=>"LICNTYPE"}).sort([["description", 1]])
MONGODB (2ms) licensing_development['codes'].find({:category=>"LICNTYPE"}).sort([["description", 1]])
MONGODB (2ms) licensing_development['codes'].find({:category=>"LICNTYPE"}).sort([["description", 1]])
MONGODB (12ms) licensing_development['$cmd'].find({"count"=>"applications", "query"=>{:refval=>//i, :address=>//i, :recieveddate=>{:$gte=>2012-07-09 00:00:00 UTC, :$lte=>2012-07-23 00:00:00 UTC}}, "fields"=>nil}).limit(-1)
MONGODB (12ms) licensing_development['applications'].find({:refval=>//i, :address=>//i, :recieveddate=>{:$gte=>2012-07-09 00:00:00 UTC, :$lte=>2012-07-23 00:00:00 UTC}}).limit(10).sort([["recieveddate", -1]])
MONGODB (12ms) licensing_development['$cmd'].find({"count"=>"applications", "query"=>{:refval=>//i, :address=>//i, :type=>"Bingo premises licence"}, "fields"=>nil}).limit(-1)
MONGODB (11ms) licensing_development['applications'].find({:refval=>//i, :address=>//i, :type=>"Bingo premises licence"}).limit(10).sort([["recieveddate", -1]])
MONGODB (3ms) licensing_development['codes'].find({:category=>"LICNTYPE"}).sort([["description", 1]])
MONGODB (11ms) licensing_development['$cmd'].find({"count"=>"applications", "query"=>{:refval=>//i, :address=>//i, :type=>"Bingo premises licence"}, "fields"=>nil}).limit(-1)
MONGODB (11ms) licensing_development['applications'].find({:refval=>//i, :address=>//i, :type=>"Bingo premises licence"}).limit(10).sort([["recieveddate", -1]])
MONGODB (13ms) licensing_development['$cmd'].find({"count"=>"applications", "query"=>{:refval=>//i, :address=>//i, :type=>"Bingo premises licence"}, "fields"=>nil}).limit(-1)
MONGODB (13ms) licensing_development['applications'].find({:refval=>//i, :address=>//i, :type=>"Bingo premises licence"}).limit(10).sort([["recieveddate", -1]])
MONGODB (8ms) licensing_development['codes'].find({:category=>"LICNTYPE"}).sort([["description", 1]])
MONGODB (4ms) licensing_development['codes'].find({:category=>"LICNTYPE"}).sort([["description", 1]])
MONGODB (12ms) licensing_development['$cmd'].find({"count"=>"applications", "query"=>{:refval=>//i, :address=>//i, :type=>"Caravan Site Licence"}, "fields"=>nil}).limit(-1)
MONGODB (13ms) licensing_development['applications'].find({:refval=>//i, :address=>//i, :type=>"Caravan Site Licence"}).limit(10).sort([["recieveddate", -1]])
MONGODB (13ms) licensing_development['$cmd'].find({"count"=>"applications", "query"=>{:refval=>//i, :address=>//i, :type=>"Late Night Refreshment Licence"}, "fields"=>nil}).limit(-1)
MONGODB (14ms) licensing_development['applications'].find({:refval=>//i, :address=>//i, :type=>"Late Night Refreshment Licence"}).limit(10).sort([["recieveddate", -1]])
MONGODB (11ms) licensing_development['$cmd'].find({"count"=>"applications", "query"=>{:refval=>//i, :address=>//i, :type=>"Bingo premises licence"}, "fields"=>nil}).limit(-1)
MONGODB (11ms) licensing_development['applications'].find({:refval=>//i, :address=>//i, :type=>"Bingo premises licence"}).limit(10).sort([["recieveddate", -1]])
MONGODB (12ms) licensing_development['$cmd'].find({"count"=>"applications", "query"=>{:refval=>//i, :address=>//i, :type=>"Bingo premises licence"}, "fields"=>nil}).limit(-1)
MONGODB (13ms) licensing_development['applications'].find({:refval=>//i, :address=>//i, :type=>"Bingo premises licence"}).limit(10).sort([["recieveddate", -1]])
MONGODB (15ms) licensing_development['$cmd'].find({"count"=>"applications", "query"=>{:refval=>//i, :address=>//i, :type=>"Bingo premises licence"}, "fields"=>nil}).limit(-1)
MONGODB (23ms) licensing_development['applications'].find({:refval=>//i, :address=>//i, :type=>"Bingo premises licence"}).limit(10).sort([["recieveddate", -1]])
MONGODB (2ms) licensing_development['codes'].find({:category=>"LICNTYPE"}).sort([["description", 1]])
